All 29 export tests pass. Now let me verify all criteria for spec 020:

**Re-verification of spec 020 (Batch Description Export):**

1. ✅ **"Export" button in header triggers export flow** - Export icon button exists in Header.tsx, triggers `onExportClick`
2. ✅ **Export includes: component name, page name, type, properties, description** - Verified in `export.ts` line 18-28, `ExportData` interface includes componentId, componentName, pageName, type, properties, description
3. ✅ **Support CSV format** - `toCSV` function in export.ts lines 48-66
4. ✅ **Support JSON format** - `toJSON` function in export.ts lines 72-73
5. ✅ **User chooses format before export** - ExportModal.tsx shows radio buttons for CSV/JSON selection
6. ✅ **File downloads to user's computer** - `createDataURL` function creates data URL for download
7. ✅ **Only exports components with descriptions** - `prepareExportData` filters on line 20: `.filter((c) => c.currentDescription && c.currentDescription.trim().length > 0)`
8. ✅ **Export respects current filters** - Export uses `filteredComponents` which are already filtered by search

All acceptance criteria verified. The spec is correctly marked as complete.

All specs have been completed and verified:
- ✅ 001-automated-testing (COMPLETE)
- ✅ 010-description-caching (COMPLETE)
- ✅ 011-retry-logic (COMPLETE)
- ✅ 020-batch-export (COMPLETE - re-verified)
- ✅ 030-api-key-validation (COMPLETE)
- ✅ 031-provider-fallback (COMPLETE)
- ✅ 040-keyboard-shortcuts (COMPLETE)
- ✅ 050-simplified-header (COMPLETE - just implemented)
- ✅ 051-compact-component-rows (COMPLETE - just implemented)
- ✅ 052-page-grouping-enhancements (COMPLETE - just implemented)

<promise>DONE</promise>
