## Re-Verification Complete: spec 020-batch-export (Batch Description Export)

**All acceptance criteria verified:**

| Criterion | Status |
|-----------|--------|
| Export button in header triggers export flow | ✅ |
| Export includes: component name, page name, type, properties, description | ✅ |
| Support CSV format (spreadsheet-compatible) | ✅ |
| Support JSON format (developer-friendly) | ✅ |
| User chooses format before export | ✅ |
| File downloads to user's computer | ✅ |
| Only exports components with descriptions (skip empty) | ✅ |
| Export respects current filters (search, page selection) | ✅ |

**Verification Summary:**
- ✅ All 199 tests pass (29 specifically for export functionality)
- ✅ Build succeeds with no type errors
- ✅ Implementation matches spec requirements
- ✅ CSV properly escapes commas, quotes, and newlines per RFC 4180
- ✅ JSON is pretty-printed with 2-space indentation
- ✅ Component ID included for potential re-import workflows
- ✅ Export uses filtered components (respects search filter)

All 7 specs in the project are complete and verified.

<promise>DONE</promise>
